---
source: crates/parser/src/lib.rs
assertion_line: 560
expression: "format!(\"{:#?}\", parse.green)"
---
SourceFile@0..132
  StructDef@0..48
    Structure@0..9 "structure"
    Wspace@9..10 " "
    Ident@10..15 "Point"
    FieldList@15..45
      Wspace@15..16 " "
      Obrace@16..17 "{"
      Field@17..29
        IdentType@17..28
          Newline@17..18 "\n"
          Wspace@18..22 "    "
          Ident@22..27 "int32"
          Wspace@27..28 " "
        Ident@28..29 "x"
      Comma@29..30 ","
      Field@30..42
        IdentType@30..41
          Newline@30..31 "\n"
          Wspace@31..35 "    "
          Ident@35..40 "int32"
          Wspace@40..41 " "
        Ident@41..42 "y"
      Comma@42..43 ","
      Newline@43..44 "\n"
      Cbrace@44..45 "}"
    Semicolon@45..46 ";"
    Newline@46..47 "\n"
    Newline@47..48 "\n"
  FnDef@48..132
    Ident@48..52 "main"
    ParamList@52..55
      Oparen@52..53 "("
      Cparen@53..54 ")"
      Wspace@54..55 " "
    Block@55..132
      Obrace@55..56 "{"
      LetStmt@56..76
        Newline@56..57 "\n"
        Wspace@57..61 "    "
        Let@61..64 "let"
        Wspace@64..65 " "
        Ident@65..66 "x"
        Wspace@66..67 " "
        Assign@67..68 "="
        Literal@68..70
          Wspace@68..69 " "
          Int@69..70 "0"
        Semicolon@70..71 ";"
        Newline@71..72 "\n"
        Wspace@72..76 "    "
      LetStmt@76..110
        Mut@76..79 "mut"
        IdentType@79..86
          Wspace@79..80 " "
          Ident@80..85 "Point"
          Wspace@85..86 " "
        Ident@86..87 "p"
        Wspace@87..88 " "
        Assign@88..89 "="
        StructLit@89..104
          NameRef@89..96
            Wspace@89..90 " "
            Ident@90..95 "Point"
            Wspace@95..96 " "
          StructLitFieldList@96..104
            Obrace@96..97 "{"
            StructLitField@97..99
              Wspace@97..98 " "
              Ident@98..99 "x"
            Comma@99..100 ","
            StructLitField@100..103
              Wspace@100..101 " "
              Ident@101..102 "y"
              Wspace@102..103 " "
            Cbrace@103..104 "}"
        Semicolon@104..105 ";"
        Newline@105..106 "\n"
        Wspace@106..110 "    "
      ExprStmt@110..130
        CallExpr@110..128
          NameRef@110..117
            Ident@110..117 "println"
          ArgList@117..128
            Oparen@117..118 "("
            Literal@118..122
              String@118..122 "\"{}\""
            Comma@122..123 ","
            FieldExpr@123..127
              NameRef@123..125
                Wspace@123..124 " "
                Ident@124..125 "p"
              Dot@125..126 "."
              NameRef@126..127
                Ident@126..127 "x"
            Cparen@127..128 ")"
        Semicolon@128..129 ";"
        Newline@129..130 "\n"
      Cbrace@130..131 "}"
      Newline@131..132 "\n"
