---
source: crates/parser/src/lib.rs
assertion_line: 465
expression: "format!(\"{:#?}\", parse.green)"
---
SourceFile@0..132
  StructDef@0..48
    Structure@0..9 "structure"
    Wspace@9..10 " "
    Ident@10..15 "Point"
    FieldList@15..45
      Wspace@15..16 " "
      Obrace@16..17 "{"
      Field@17..29
        IdentType@17..28
          Newline@17..18 "\n"
          Wspace@18..22 "    "
          Ident@22..27 "int32"
          Wspace@27..28 " "
        Ident@28..29 "x"
      Comma@29..30 ","
      Field@30..42
        IdentType@30..41
          Newline@30..31 "\n"
          Wspace@31..35 "    "
          Ident@35..40 "int32"
          Wspace@40..41 " "
        Ident@41..42 "y"
      Comma@42..43 ","
      Newline@43..44 "\n"
      Cbrace@44..45 "}"
    Semicolon@45..46 ";"
    Newline@46..47 "\n"
    Newline@47..48 "\n"
  FnDef@48..132
    Ident@48..52 "main"
    ParamList@52..55
      Oparen@52..53 "("
      Cparen@53..54 ")"
      Wspace@54..55 " "
    Block@55..132
      Obrace@55..56 "{"
      LetStmt@56..78
        Newline@56..57 "\n"
        Wspace@57..61 "    "
        Const@61..66 "const"
        Wspace@66..67 " "
        Ident@67..68 "x"
        Wspace@68..69 " "
        Assign@69..70 "="
        Literal@70..72
          Wspace@70..71 " "
          Int@71..72 "0"
        Semicolon@72..73 ";"
        Newline@73..74 "\n"
        Wspace@74..78 "    "
      LetStmt@78..112
        Var@78..81 "var"
        IdentType@81..88
          Wspace@81..82 " "
          Ident@82..87 "Point"
          Wspace@87..88 " "
        Ident@88..89 "p"
        Wspace@89..90 " "
        Assign@90..91 "="
        StructLit@91..106
          NameRef@91..98
            Wspace@91..92 " "
            Ident@92..97 "Point"
            Wspace@97..98 " "
          StructLitFieldList@98..106
            Obrace@98..99 "{"
            StructLitField@99..101
              Wspace@99..100 " "
              Ident@100..101 "x"
            Comma@101..102 ","
            StructLitField@102..105
              Wspace@102..103 " "
              Ident@103..104 "y"
              Wspace@104..105 " "
            Cbrace@105..106 "}"
        Semicolon@106..107 ";"
        Newline@107..108 "\n"
        Wspace@108..112 "    "
      ExprStmt@112..130
        CallExpr@112..128
          NameRef@112..117
            Ident@112..117 "print"
          ArgList@117..128
            Oparen@117..118 "("
            Literal@118..122
              String@118..122 "\"{}\""
            Comma@122..123 ","
            FieldExpr@123..127
              NameRef@123..125
                Wspace@123..124 " "
                Ident@124..125 "p"
              Dot@125..126 "."
              NameRef@126..127
                Ident@126..127 "x"
            Cparen@127..128 ")"
        Semicolon@128..129 ";"
        Newline@129..130 "\n"
      Cbrace@130..131 "}"
      Newline@131..132 "\n"
