---
source: tests/snapshots.rs
expression: hir
---
HIR {
    structs: TypedArena {
        inner: Arena {
            len: 0,
            data: [],
        },
        _phantom: PhantomData<fn() -> hir::core::ids::StructId>,
    },
    unions: TypedArena {
        inner: Arena {
            len: 0,
            data: [],
        },
        _phantom: PhantomData<fn() -> hir::core::ids::UnionId>,
    },
    enums: TypedArena {
        inner: Arena {
            len: 0,
            data: [],
        },
        _phantom: PhantomData<fn() -> hir::core::ids::EnumId>,
    },
    consts: TypedArena {
        inner: Arena {
            len: 0,
            data: [],
        },
        _phantom: PhantomData<fn() -> hir::core::ids::ConstId>,
    },
    globals: TypedArena {
        inner: Arena {
            len: 0,
            data: [],
        },
        _phantom: PhantomData<fn() -> hir::core::ids::GlobalId>,
    },
    opaques: TypedArena {
        inner: Arena {
            len: 0,
            data: [],
        },
        _phantom: PhantomData<fn() -> hir::core::ids::OpaqueId>,
    },
    fields: TypedArena {
        inner: Arena {
            len: 0,
            data: [],
        },
        _phantom: PhantomData<fn() -> hir::core::ids::FieldId>,
    },
    functions: TypedArena {
        inner: Arena {
            len: 1,
            data: [
                Function {
                    name: "main",
                    params: [],
                    ret: None,
                    ret_span: None,
                    body: Some(
                        BodyId(
                            Idx::<Body>(0),
                        ),
                    ),
                    is_extern: false,
                    variadic: false,
                    fn_type: Some(
                        TypeRef(
                            20,
                        ),
                    ),
                    declared_effects: [],
                },
            ],
        },
        _phantom: PhantomData<fn() -> hir::core::ids::FnId>,
    },
    bodies: TypedArena {
        inner: Arena {
            len: 1,
            data: [
                Body {
                    exprs: TypedArena {
                        inner: Arena {
                            len: 5,
                            data: [
                                Literal(
                                    Int(
                                        42,
                                    ),
                                ),
                                Path(
                                    Unresolved(
                                        "println",
                                    ),
                                ),
                                Literal(
                                    String(
                                        "{}",
                                    ),
                                ),
                                Path(
                                    Local(
                                        LocalId(
                                            Idx::<Local>(0),
                                        ),
                                    ),
                                ),
                                Call {
                                    callee: ExprId(
                                        Idx::<Expr>(1),
                                    ),
                                    args: [
                                        ExprId(
                                            Idx::<Expr>(2),
                                        ),
                                        ExprId(
                                            Idx::<Expr>(3),
                                        ),
                                    ],
                                },
                            ],
                        },
                        _phantom: PhantomData<fn() -> hir::core::ids::ExprId>,
                    },
                    stmts: TypedArena {
                        inner: Arena {
                            len: 2,
                            data: [
                                Let {
                                    pat: PatId(
                                        Idx::<Pat>(0),
                                    ),
                                    ty: Some(
                                        TypeRef(
                                            3,
                                        ),
                                    ),
                                    init: Some(
                                        ExprId(
                                            Idx::<Expr>(0),
                                        ),
                                    ),
                                    mutable: false,
                                },
                                Expr(
                                    ExprId(
                                        Idx::<Expr>(4),
                                    ),
                                ),
                            ],
                        },
                        _phantom: PhantomData<fn() -> hir::core::ids::StmtId>,
                    },
                    pats: TypedArena {
                        inner: Arena {
                            len: 1,
                            data: [
                                Bind(
                                    LocalId(
                                        Idx::<Local>(0),
                                    ),
                                ),
                            ],
                        },
                        _phantom: PhantomData<fn() -> hir::core::ids::PatId>,
                    },
                    locals: TypedArena {
                        inner: Arena {
                            len: 1,
                            data: [
                                Local {
                                    name: "x",
                                    ty: Some(
                                        TypeRef(
                                            3,
                                        ),
                                    ),
                                    mutable: false,
                                    pat: PatId(
                                        Idx::<Pat>(0),
                                    ),
                                },
                            ],
                        },
                        _phantom: PhantomData<fn() -> hir::core::ids::LocalId>,
                    },
                    block: [
                        StmtId(
                            Idx::<Stmt>(0),
                        ),
                        StmtId(
                            Idx::<Stmt>(1),
                        ),
                    ],
                    tail: None,
                    source_map: BodySourceMap {
                        expr: ArenaMap {
                            v: [
                                Some(
                                    SyntaxNodePtr {
                                        kind: Literal,
                                        range: 26..29,
                                    },
                                ),
                                Some(
                                    SyntaxNodePtr {
                                        kind: NameRef,
                                        range: 35..42,
                                    },
                                ),
                                Some(
                                    SyntaxNodePtr {
                                        kind: Literal,
                                        range: 43..47,
                                    },
                                ),
                                Some(
                                    SyntaxNodePtr {
                                        kind: NameRef,
                                        range: 48..50,
                                    },
                                ),
                                Some(
                                    SyntaxNodePtr {
                                        kind: CallExpr,
                                        range: 35..51,
                                    },
                                ),
                            ],
                            _ty: PhantomData<la_arena::Idx<hir::core::body::Expr>>,
                        },
                        stmt: ArenaMap {
                            v: [
                                Some(
                                    SyntaxNodePtr {
                                        kind: LetStmt,
                                        range: 8..35,
                                    },
                                ),
                                Some(
                                    SyntaxNodePtr {
                                        kind: ExprStmt,
                                        range: 35..53,
                                    },
                                ),
                            ],
                            _ty: PhantomData<la_arena::Idx<hir::core::body::Stmt>>,
                        },
                        pat: ArenaMap {
                            v: [
                                Some(
                                    SyntaxNodePtr {
                                        kind: LetStmt,
                                        range: 8..35,
                                    },
                                ),
                            ],
                            _ty: PhantomData<la_arena::Idx<hir::core::body::Pat>>,
                        },
                    },
                    blocks: TypedArena {
                        inner: Arena {
                            len: 1,
                            data: [
                                Block {
                                    stmts: [
                                        StmtId(
                                            Idx::<Stmt>(0),
                                        ),
                                        StmtId(
                                            Idx::<Stmt>(1),
                                        ),
                                    ],
                                    tail: None,
                                },
                            ],
                        },
                        _phantom: PhantomData<fn() -> hir::core::ids::BlockId>,
                    },
                    block_source_map: ArenaMap {
                        v: [
                            Some(
                                SyntaxNodePtr {
                                    kind: Block,
                                    range: 7..55,
                                },
                            ),
                        ],
                        _ty: PhantomData<la_arena::Idx<hir::core::body::Block>>,
                    },
                    fn_block_ptr: Some(
                        SyntaxNodePtr {
                            kind: Block,
                            range: 7..55,
                        },
                    ),
                    local_consts: TypedArena {
                        inner: Arena {
                            len: 0,
                            data: [],
                        },
                        _phantom: PhantomData<fn() -> hir::core::ids::LocalConstId>,
                    },
                },
            ],
        },
        _phantom: PhantomData<fn() -> hir::core::ids::BodyId>,
    },
    items: ItemScope {
        functions: {
            "main": FnId(
                Idx::<Function>(0),
            ),
        },
        structs: {},
        unions: {},
        enums: {},
        consts: {},
        globals: {},
        opaques: {},
        variants: {},
    },
    diagnostics: Sink {
        entries: [],
    },
    types: {
        TypeRef(
            0,
        ): Error,
        TypeRef(
            1,
        ): Path(
            "int8",
        ),
        TypeRef(
            2,
        ): Path(
            "int16",
        ),
        TypeRef(
            3,
        ): Path(
            "int32",
        ),
        TypeRef(
            4,
        ): Path(
            "int64",
        ),
        TypeRef(
            5,
        ): Path(
            "uint8",
        ),
        TypeRef(
            6,
        ): Path(
            "uint16",
        ),
        TypeRef(
            7,
        ): Path(
            "uint32",
        ),
        TypeRef(
            8,
        ): Path(
            "uint64",
        ),
        TypeRef(
            9,
        ): Path(
            "float32",
        ),
        TypeRef(
            10,
        ): Path(
            "float64",
        ),
        TypeRef(
            11,
        ): Path(
            "bool",
        ),
        TypeRef(
            12,
        ): Path(
            "char",
        ),
        TypeRef(
            13,
        ): Path(
            "string",
        ),
        TypeRef(
            14,
        ): Path(
            "usize",
        ),
        TypeRef(
            15,
        ): Path(
            "isize",
        ),
        TypeRef(
            16,
        ): Path(
            "void",
        ),
        TypeRef(
            17,
        ): RawPtr,
        TypeRef(
            18,
        ): Unit,
        TypeRef(
            19,
        ): Never,
        TypeRef(
            20,
        ): Fn {
            params: [],
            ret: None,
            variadic: false,
        },
        TypeRef(
            21,
        ): Array {
            elem: TypeRef(
                5,
            ),
            len: 2,
        },
        TypeRef(
            22,
        ): Ref(
            TypeRef(
                21,
            ),
        ),
    },
}
