---
source: tests/snapshots.rs
assertion_line: 60
expression: hir
---
structs: 0 struct(s)
  enums: 0 enum(s)
  fields: 0 field(s)
  functions: 1 fn(s)
    Fn(FnId(Idx::<Function>(0))): main() -> None
  items:
    main -> fn(FnId(Idx::<Function>(0)))
  bodies: 1 body(s)
    Body(BodyId(Idx::<Body>(0))):
      locals: 1
        Local(LocalId(Idx::<Local>(0))): x: Some(TypeRef(3)) 
      pats: 1
      exprs: 5
        Expr(ExprId(Idx::<Expr>(0))): Literal
        Expr(ExprId(Idx::<Expr>(1))): Path
        Expr(ExprId(Idx::<Expr>(2))): Literal
        Expr(ExprId(Idx::<Expr>(3))): Path
        Expr(ExprId(Idx::<Expr>(4))): Call
      stmts: 2
      blocks: 1
  diagnostics: 0
