---
source: src/lexer.rs
expression: lexed.tokens
---
[
    Token {
        kind: Ident,
        span: Span {
            start: 0,
            end: 3,
        },
    },
    Token {
        kind: Oparen,
        span: Span {
            start: 3,
            end: 4,
        },
    },
    Token {
        kind: Ident,
        span: Span {
            start: 4,
            end: 9,
        },
    },
    Token {
        kind: Wspace,
        span: Span {
            start: 9,
            end: 10,
        },
    },
    Token {
        kind: Ident,
        span: Span {
            start: 10,
            end: 11,
        },
    },
    Token {
        kind: Cparen,
        span: Span {
            start: 11,
            end: 12,
        },
    },
    Token {
        kind: Wspace,
        span: Span {
            start: 12,
            end: 13,
        },
    },
    Token {
        kind: Arrow,
        span: Span {
            start: 13,
            end: 15,
        },
    },
    Token {
        kind: Wspace,
        span: Span {
            start: 15,
            end: 16,
        },
    },
    Token {
        kind: Ident,
        span: Span {
            start: 16,
            end: 21,
        },
    },
    Token {
        kind: Wspace,
        span: Span {
            start: 21,
            end: 22,
        },
    },
    Token {
        kind: Obrace,
        span: Span {
            start: 22,
            end: 23,
        },
    },
    Token {
        kind: Wspace,
        span: Span {
            start: 23,
            end: 24,
        },
    },
    Token {
        kind: Ident,
        span: Span {
            start: 24,
            end: 25,
        },
    },
    Token {
        kind: Wspace,
        span: Span {
            start: 25,
            end: 26,
        },
    },
    Token {
        kind: Plus,
        span: Span {
            start: 26,
            end: 27,
        },
    },
    Token {
        kind: Wspace,
        span: Span {
            start: 27,
            end: 28,
        },
    },
    Token {
        kind: Int,
        span: Span {
            start: 28,
            end: 29,
        },
    },
    Token {
        kind: Wspace,
        span: Span {
            start: 29,
            end: 30,
        },
    },
    Token {
        kind: Cbrace,
        span: Span {
            start: 30,
            end: 31,
        },
    },
    Token {
        kind: Eof,
        span: Span {
            start: 31,
            end: 31,
        },
    },
]
